// Jest Snapshot v1, https://goo.gl/fbAQLP

exports[`Header rendering initial state is rendered 1`] = `
<div
  className="header"
>
  <ul
    role="navigation"
  >
    <li>
      <a
        href="/"
        onClick={[Function]}
      >
        Home
      </a>
    </li>
    <li>
      <a
        href="/about"
        onClick={[Function]}
      >
        About
      </a>
    </li>
  </ul>
</div>
`;
