// Jest Snapshot v1, https://goo.gl/fbAQLP

exports[`Header rendering initial state is rendered 1`] = `
<nav>
  <div
    className="nav-wrapper purple darken-1"
  >
    <a
      aria-current="true"
      className="brand-logo header-logo active"
      href="/"
      onClick={[Function]}
      style={Object {}}
    >
      Rose Hobart
    </a>
    <ul
      className="right hide-on-med-and-down"
      id="nav-mobile"
    >
      <li>
        <a
          aria-current={false}
          className={undefined}
          href="/about"
          onClick={[Function]}
          style={undefined}
        >
          About
        </a>
      </li>
    </ul>
  </div>
</nav>
`;
