// Jest Snapshot v1, https://goo.gl/fbAQLP

exports[`ImagesPicker rendering initial state match the snapshot 1`] = `
<div
  style={
    Object {
      "alignItems": "center",
      "display": "flex",
      "flexDirection": "row",
      "flexWrap": "wrap",
      "justifyContent": "space-around",
    }
  }
>
  <button
    onClick={[Function]}
    onKeyPress={[Function]}
    tabIndex="0"
  >
    <img
      alt="Blur"
      src=""
      style={
        Object {
          "borderColor": "#F00",
          "borderStyle": "solid",
          "borderWidth": 2,
        }
      }
    />
  </button>
</div>
`;
