// Jest Snapshot v1, https://goo.gl/fbAQLP

exports[`Footer rendering initial state is rendered 1`] = `
<div
  className="footer purple darken-1"
>
  <div
    className="container"
  >
    <h2>
      <div
        className="footer_content page-footer transparent"
      >
        <p>
          site by 
          <a
            href="http://www.callmejoe.net/"
            rel="noopener noreferrer"
            target="_blank"
          >
            joe 
          </a>
           & 
          <a
            href="http://www.callmejoe.net/"
            rel="noopener noreferrer"
            target="_blank"
          >
            laurel
          </a>
        </p>
      </div>
    </h2>
  </div>
</div>
`;
