// Jest Snapshot v1, https://goo.gl/fbAQLP

exports[`StaticBlurMap rendering initial state match the snapshot 1`] = `
<div
  style={
    Object {
      "alignItems": "center",
      "display": "flex",
      "flexDirection": "row",
      "flexWrap": "wrap",
      "justifyContent": "space-around",
    }
  }
>
  <button
    onClick={[Function]}
    onKeyPress={[Function]}
    tabIndex="0"
  >
    <img
      alt="Blur"
      src="https://i.imgur.com/SzbbUvX.png"
      style={
        Object {
          "borderColor": "transparent",
          "borderStyle": "solid",
          "borderWidth": 2,
          "width": 80,
        }
      }
    />
  </button>
  <button
    onClick={[Function]}
    onKeyPress={[Function]}
    tabIndex="0"
  >
    <img
      alt="Blur"
      src="https://i.imgur.com/0PkQEk1.png"
      style={
        Object {
          "borderColor": "transparent",
          "borderStyle": "solid",
          "borderWidth": 2,
          "width": 80,
        }
      }
    />
  </button>
  <button
    onClick={[Function]}
    onKeyPress={[Function]}
    tabIndex="0"
  >
    <img
      alt="Blur"
      src="https://i.imgur.com/z2CQHpg.png"
      style={
        Object {
          "borderColor": "transparent",
          "borderStyle": "solid",
          "borderWidth": 2,
          "width": 80,
        }
      }
    />
  </button>
  <button
    onClick={[Function]}
    onKeyPress={[Function]}
    tabIndex="0"
  >
    <img
      alt="Blur"
      src="https://i.imgur.com/k9Eview.png"
      style={
        Object {
          "borderColor": "transparent",
          "borderStyle": "solid",
          "borderWidth": 2,
          "width": 80,
        }
      }
    />
  </button>
  <button
    onClick={[Function]}
    onKeyPress={[Function]}
    tabIndex="0"
  >
    <img
      alt="Blur"
      src="https://i.imgur.com/wh0On3P.png"
      style={
        Object {
          "borderColor": "transparent",
          "borderStyle": "solid",
          "borderWidth": 2,
          "width": 80,
        }
      }
    />
  </button>
</div>
`;
